[ajuda _comum]
# Páginas de ajuda
indiceobj comando
func iniclasse
  criar(arg0)
func ini
  comando = "ajuda_" + este

[ajuda __comandos]
indiceobj comando
const posic = 8
func iniclasse
 criar(arg0)
func ini
  comando = "com_ajuda"
func exec
  ref obj # Objeto que vai processar o comando
  indiceitem ind # Para procurar o objeto
  ind.ini("ajuda_" + arg1)
  enquanto ind
    se ind.obj & nivel >= ind.obj.nivel
      ind.obj.exec(arg0)
      arg0.msg("\c6Fim da ajuda\b")
      ret
    fimse
    ind.depois
  efim
  arg0.msg("\c6Comando ou tópico da ajuda desconhecido:\b " + arg1)

[ajuda ini]
indiceobj comando
func iniclasse
  criar(arg0)
func ini
  comando = "ajuda_"
func exec
  arg0.msg("\cbPáginas de ajuda do MUD\b")
  arg0.msg("Para ler tecle ajuda seguido do nome de um tópico ou um comando.")
  arg0.msg("Os tópicos são:")
  arg0.msg("   \c2MOVER\b    Como movimentar-se no jogo")
  arg0.msg("   \c2INFO\b     Informações sobre o seu personagem")
  arg0.msg("   \c2OBJETOS\b  Manuseio de objetos")
  arg0.msg("   \c2NOMES\b    Nomes de objetos e personagens")
  arg0.msg("   \c2CONFIG\b   Opções de configuração")
  arg0.msg("   \c2FIM\b      Sai do MUD")

[ajuda fim]
indiceobj comando1
indiceobj comando2
func iniclasse
  criar(arg0)
func ini
  comando1 = "ajuda_fim"
  comando2 = "ajuda_quit"
func exec
  arg0.msg("\cbFim\b")
  arg0.msg("Sintaxe: fim")
  arg0.msg("Sintaxe: quit")
  arg0.msg("Sai do jogo.")
